[
  {
    "Issuer": "http://localhost",
    "OriginalIssuer": "http://localhost",
    "Properties": {},
    "Subject": null,
    "Type": "iss",
    "Value": "http://localhost",
    "ValueType": "http://www.w3.org/2001/XMLSchema#string"
  },
  {
    "Issuer": "http://localhost",
    "OriginalIssuer": "http://localhost",
    "Properties": {},
    "Subject": null,
    "Type": "aud",
    "Value": "api.magic",
    "ValueType": "http://www.w3.org/2001/XMLSchema#string"
  },
  {
    "Issuer": "http://localhost",
    "OriginalIssuer": "http://localhost",
    "Properties": {},
    "Subject": null,
    "Type": "client_id",
    "Value": "Test.CC01",
    "ValueType": "http://www.w3.org/2001/XMLSchema#string"
  },
  {
    "Issuer": "http://localhost",
    "OriginalIssuer": "http://localhost",
    "Properties": {},
    "Subject": null,
    "Type": "scope",
    "Value": "api.magic.read",
    "ValueType": "http://www.w3.org/2001/XMLSchema#string"
  }
]
